{
  "normalized_qgbm": {
    "temporal": {
      "qgbm": {
        "pinball_0.05": 0.003362966815222831,
        "pinball_0.50": 0.01183469976394557,
        "pinball_0.95": 0.003707576749034039,
        "mae_median": 0.02366939952789114,
        "coverage_90": 0.9290555692738753,
        "width_90": 0.10167812481682093
      },
      "persistence_mae": 0.04287276513429619,
      "smart_persistence_mae": 0.04704087366250538,
      "n_train": 330628,
      "n_test": 396874
    },
    "unseen_site": {
      "qgbm": {
        "pinball_0.05": 0.0032108161043588475,
        "pinball_0.50": 0.011472297778164534,
        "pinball_0.95": 0.003805940216765374,
        "mae_median": 0.022944595556329068,
        "coverage_90": 0.9310025987171875,
        "width_90": 0.10005763181495554
      },
      "persistence_mae": 0.04101800569108376,
      "smart_persistence_mae": 0.044396946438302005,
      "n_train": 330628,
      "n_test": 102743
    },
    "external_solete": {
      "qgbm": {
        "pinball_0.05": 0.0034486061322683698,
        "pinball_0.50": 0.013597617744535464,
        "pinball_0.95": 0.00437011455931927,
        "mae_median": 0.027195235489070928,
        "coverage_90": 0.7974417542256739,
        "width_90": 0.09988011243706059
      },
      "persistence_mae": 0.036719047274620435,
      "smart_persistence_mae": 0.04924449442781356,
      "n_train": 330628,
      "n_test": 10945
    }
  },
  "unnormalized_qgbm": {
    "temporal": {
      "qgbm": {
        "pinball_0.05": 0.14728601796996038,
        "pinball_0.50": 0.7735338172196081,
        "pinball_0.95": 0.35099956452726655,
        "mae_median": 1.5470676344392162,
        "coverage_90": 0.9258051673830989,
        "width_90": 5.70374257471186
      },
      "persistence_mae": 1.3421853060103823,
      "smart_persistence_mae": 1.4790635755272261,
      "n_train": 330628,
      "n_test": 396874
    },
    "unseen_site": {
      "qgbm": {
        "pinball_0.05": 0.28544816749754476,
        "pinball_0.50": 1.9501213101062607,
        "pinball_0.95": 2.442035066576743,
        "mae_median": 3.9002426202125213,
        "coverage_90": 0.8505202300886678,
        "width_90": 5.463805602314804
      },
      "persistence_mae": 2.4063267933565604,
      "smart_persistence_mae": 2.620712453570655,
      "n_train": 330628,
      "n_test": 102743
    },
    "external_solete": {
      "qgbm": {
        "pinball_0.05": 0.05938297638113626,
        "pinball_0.50": 1.0196629698720454,
        "pinball_0.95": 0.2560083324027284,
        "mae_median": 2.039325939744091,
        "coverage_90": 0.7171311100959342,
        "width_90": 5.361184141083423
      },
      "persistence_mae": 0.3671904727462043,
      "smart_persistence_mae": 0.49244494427813573,
      "n_train": 330628,
      "n_test": 10945
    }
  }
}
